Samba-tools
########################
Remove password Complexity
#samba-tool domain passwordsettings set --complexity=off 
#samba-tool domain passwordsettings set --history-length=0 
#samba-tool domain passwordsettings set --min-pwd-age=0 
#samba-tool domain passwordsettings set --max-pwd-age=0
systemctl restart samba
on the windows machine you run gpupdate /force
Hope it works just tested it
[root@provisioning ~]# samba-tool domain passwordsettings show
Password informations for domain 'DC=sunil,DC=cc'

Password complexity: off
Store plaintext passwords: off
Password history length: 0
Minimum password length: 7
Minimum password age (days): 0
Maximum password age (days): 0
Account lockout duration (mins): 30
Account lockout threshold (attempts): 0
Reset account lockout after (mins): 30
[root@provisioning ~]#
########################
Add zone file via command line
[root@provisioning ~]# samba-tool dns zonelist localhost -U administrator
Password for [SUNIL\administrator]:
  2 zone(s) found

  pszZoneName                 : sunil.cc
  Flags                       : DNS_RPC_ZONE_DSINTEGRATED DNS_RPC_ZONE_UPDATE_SECURE
  ZoneType                    : DNS_ZONE_TYPE_PRIMARY
  Version                     : 50
  dwDpFlags                   : DNS_DP_AUTOCREATED DNS_DP_DOMAIN_DEFAULT DNS_DP_ENLISTED
  pszDpFqdn                   : DomainDnsZones.sunil.cc

  pszZoneName                 : _msdcs.sunil.cc
  Flags                       : DNS_RPC_ZONE_DSINTEGRATED DNS_RPC_ZONE_UPDATE_SECURE
  ZoneType                    : DNS_ZONE_TYPE_PRIMARY
  Version                     : 50
  dwDpFlags                   : DNS_DP_AUTOCREATED DNS_DP_FOREST_DEFAULT DNS_DP_ENLISTED
  pszDpFqdn                   : ForestDnsZones.sunil.cc
[root@provisioning ~]# 
[root@provisioning ~]# samba-tool dns zonecreate localhost 1.168.192.in-addr.arpa -U administrator
Password for [SUNIL\administrator]:
Zone 1.168.192.in-addr.arpa created successfully
[root@provisioning ~]# samba-tool dns add localhost 1.168.192.in-addr.arpa 144 PTR sunil.cc -U administrator
Password for [SUNIL\administrator]:
Record added successfully
[root@provisioning ~]# samba-tool dns add localhost 1.168.192.in-addr.arpa 165 PTR gitlab.sunil.cc -U administrator
Password for [SUNIL\administrator]:
Record added successfully
[root@provisioning ~]# host 192.168.1.114
Host 114.1.168.192.in-addr.arpa. not found: 3(NXDOMAIN)
[root@provisioning ~]# samba-tool dns zonelist localhost
Password for [SUNIL\root]:
[root@provisioning ~]# samba-tool dns zonelist localhost -U administrator
Password for [SUNIL\administrator]:
  3 zone(s) found

  pszZoneName                 : 1.168.192.in-addr.arpa
  Flags                       : DNS_RPC_ZONE_DSINTEGRATED DNS_RPC_ZONE_UPDATE_SECURE
  ZoneType                    : DNS_ZONE_TYPE_PRIMARY
  Version                     : 50
  dwDpFlags                   : DNS_DP_AUTOCREATED DNS_DP_DOMAIN_DEFAULT DNS_DP_ENLISTED
  pszDpFqdn                   : DomainDnsZones.sunil.cc

  pszZoneName                 : sunil.cc
  Flags                       : DNS_RPC_ZONE_DSINTEGRATED DNS_RPC_ZONE_UPDATE_SECURE
  ZoneType                    : DNS_ZONE_TYPE_PRIMARY
  Version                     : 50
  dwDpFlags                   : DNS_DP_AUTOCREATED DNS_DP_DOMAIN_DEFAULT DNS_DP_ENLISTED
  pszDpFqdn                   : DomainDnsZones.sunil.cc

  pszZoneName                 : _msdcs.sunil.cc
  Flags                       : DNS_RPC_ZONE_DSINTEGRATED DNS_RPC_ZONE_UPDATE_SECURE
  ZoneType                    : DNS_ZONE_TYPE_PRIMARY
  Version                     : 50
  dwDpFlags                   : DNS_DP_AUTOCREATED DNS_DP_FOREST_DEFAULT DNS_DP_ENLISTED
  pszDpFqdn                   : ForestDnsZones.sunil.cc
[root@provisioning ~]# systemctl restart samba
[root@provisioning ~]# nslookup sunil.cc
Server:         192.168.1.114
Address:        192.168.1.114#53

Name:   sunil.cc
Address: 192.168.1.114
Name:   sunil.cc
Address: 192.168.80.10

[root@provisioning ~]# nslookup 192.168.1.165
Server:         192.168.1.114
Address:        192.168.1.114#53

165.1.168.192.in-addr.arpa      name = gitlab.sunil.cc.

[root@provisioning ~]# nslookup 192.168.1.144
Server:         192.168.1.114
Address:        192.168.1.114#53

144.1.168.192.in-addr.arpa      name = sunil.cc.

[root@provisioning ~]# host 192.168.1.144
144.1.168.192.in-addr.arpa domain name pointer sunil.cc.
[root@provisioning ~]#
